MemTotal:        2025916 kB
MemFree:          552656 kB
MemAvailable:     984844 kB
Buffers:            6304 kB
Cached:           548380 kB
SwapCached:        10992 kB
Active:           480328 kB
Inactive:         488768 kB
Active(anon):     215136 kB
Inactive(anon):   221148 kB
Active(file):     265192 kB
Inactive(file):   267620 kB
Unevictable:       10108 kB
Mlocked:           10108 kB
SwapTotal:       1519432 kB
SwapFree:         983464 kB
Dirty:             30892 kB
Writeback:             0 kB
AnonPages:        418032 kB
Mapped:           419880 kB
Shmem:             14168 kB
KReclaimable:      61628 kB
Slab:             174872 kB
SReclaimable:      61628 kB
SUnreclaim:       113244 kB
KernelStack:       29552 kB
ShadowCallStack:    7396 kB
PageTables:        62432 kB
SecPageTables:         0 kB
NFS_Unstable:          0 kB
Bounce:                0 kB
WritebackTmp:          0 kB
CommitLimit:     2532388 kB
Committed_AS:   45572512 kB
VmallocTotal:   259653632 kB
VmallocUsed:       56820 kB
VmallocChunk:          0 kB
Percpu:             4320 kB
AnonHugePages:         0 kB
ShmemHugePages:        0 kB
ShmemPmdMapped:        0 kB
FileHugePages:         0 kB
FilePmdMapped:         0 kB
CmaTotal:          16384 kB
CmaFree:            4420 kB
